#-----------------------------------------------------------
# Vivado v2025.2 (64-bit)
# SW Build 6299465 on Fri Nov 14 19:35:11 GMT 2025
# IP Build 6300035 on Fri Nov 14 10:48:45 MST 2025
# SharedData Build 6298862 on Thu Nov 13 04:50:51 MST 2025
# Start of session at: Sat Feb  7 14:16:45 2026
# Process ID         : 26416
# Current directory  : E:/Study_File/FPGA/UART/UART/UART.runs/synth_1
# Command line       : vivado.exe -log uart_byte_tx.vds -product Vivado -mode batch -messageDb vivado.pb -notrace -source uart_byte_tx.tcl
# Log file           : E:/Study_File/FPGA/UART/UART/UART.runs/synth_1/uart_byte_tx.vds
# Journal file       : E:/Study_File/FPGA/UART/UART/UART.runs/synth_1\vivado.jou
# Running On         : ChristopherWindows
# Platform           : Windows Server 2016 or Windows 10
# Operating System   : 26200
# Processor Detail   : AMD Ryzen 9 7950X 16-Core Processor            
# CPU Frequency      : 4491 MHz
# CPU Physical cores : 16
# CPU Logical cores  : 32
# Host memory        : 67601 MB
# Swap memory        : 4294 MB
# Total Virtual      : 71895 MB
# Available Virtual  : 56629 MB
#-----------------------------------------------------------
source uart_byte_tx.tcl -notrace
